prisma:cli:bin Failed to initialize the command state: Error: ENOENT: no such file or directory, open 'C:\Users\cw\AppData\Roaming\prisma-nodejs\Config\commands.json' +888ms
prisma:config:defineConfig [default]: '{\n  "loadedFromFile": null\n}' +621ms
prisma:config:defineConfig [config.schema]: 'prisma/schema.prisma' +0ms
prisma:config:defineConfig [config.datasource]: '{\n  "url": "postgresql://postgres:Lisha@15@localhost:5432/auth_system"\n}' +0ms
prisma:config:loadConfigFromFile Config file loaded in 83.09ms +1ms
prisma:config:PrismaConfig Parsing PrismaConfigInternal: '{\n' +
  '  "loadedFromFile": null,\n' +
  '  "schema": "prisma/schema.prisma",\n' +
  '  "datasource": {\n' +
  '    "url": "postgresql://postgres:Lisha@15@localhost:5432/auth_system"\n' +
  '  }\n' +
  '}' +2ms
prisma:config:PrismaConfig Short-circuit: input is already a PrismaConfigInternal object +0ms
Loaded Prisma config from prisma.config.ts.

prisma:engines binaries to download schema-engine +970ms
prisma:getSchema Reading schema from single file C:\Users\cw\OneDrive\Documents\Desktop\Portfolio\HackByte\backend\prisma\schema.prisma +89ms
prisma:getSchema Reading schema from single file C:\Users\cw\OneDrive\Documents\Desktop\Portfolio\HackByte\backend\prisma\schema.prisma +0ms
prisma:getConfig Using getConfig Wasm +24ms
prisma:getConfig config data retrieved without errors in getConfig Wasm +18ms
prisma:cli:checkpoint runCheckpointClientCheck(): Execution time for getting info: 44.249700000000075 ms +0ms
prisma:cli:checkpoint runCheckpointClientCheck(): Execution time for "await checkpoint.check(data)": 12.606400000000122 ms +13ms
prisma:getSchema Reading schema from single file C:\Users\cw\OneDrive\Documents\Desktop\Portfolio\HackByte\backend\prisma\schema.prisma +11ms
Prisma schema loaded from prisma\schema.prisma.
prisma:getConfig Using getConfig Wasm +3ms
prisma:getConfig config data retrieved without errors in getConfig Wasm +1ms
Datasource "db": PostgreSQL database "auth_system", schema "public" at "localhost:5432"
prisma:schemaEngine:rpc starting Schema engine with binary: C:\Users\cw\OneDrive\Documents\Desktop\Portfolio\HackByte\backend\node_modules\@prisma\engines\schema-engine-windows.exe +164ms
prisma:schemaEngine:rpc SENDING RPC CALL {"id":1,"jsonrpc":"2.0","method":"diagnoseMigrationHistory","params":{"migrationsList":{"baseDir":"C:\\Users\\cw\\OneDrive\\Documents\\Desktop\\Portfolio\\HackByte\\backend\\prisma\\migrations","lockfile":{"path":"migration_lock.toml","content":null},"migrationDirectories":[],"shadowDbInitScript":""},"optInToShadowDatabase":false,"filters":{"externalTables":[],"externalEnums":[]}}} +5ms
prisma:schemaEngine:stderr {"timestamp":"2026-04-03T15:08:03.2521141Z","level":"INFO","fields":{"message":"Starting schema engine RPC server","git_hash":"75cbdc1eb7150937890ad5465d861175c6624711"},"target":"schema_engine"} +11ms
prisma:migrate:status {
  "diagnoseResult": "{\n  \"history\": null,\n  \"failedMigrationNames\": [],\n  \"editedMigrationNames\": [],\n  \"hasMigrationsTable\": false\n}"
} +91ms
prisma:migrate:status {
  "listMigrationDirectoriesResult": {
    "migrations": []
  }
} +1ms

The current database is not managed by Prisma Migrate.

Read more about how to baseline an existing production database:
https://pris.ly/d/migrate-baseline
No migration found in prisma/migrations
