prisma:cli:bin Failed to initialize the command state: Error: ENOENT: no such file or directory, open 'C:\Users\cw\AppData\Roaming\prisma-nodejs\Config\commands.json' +678ms
prisma:config:defineConfig [default]: '{\n  "loadedFromFile": null\n}' +454ms
prisma:config:defineConfig [config.schema]: 'prisma/schema.prisma' +0ms
prisma:config:defineConfig [config.datasource]: undefined +0ms
prisma:config:loadConfigFromFile Config file loaded in 65.81ms +1ms
prisma:config:PrismaConfig Parsing PrismaConfigInternal: '{\n  "loadedFromFile": null,\n  "schema": "prisma/schema.prisma"\n}' +1ms
prisma:config:PrismaConfig Short-circuit: input is already a PrismaConfigInternal object +0ms
Loaded Prisma config from prisma.config.ts.

prisma:engines binaries to download schema-engine +742ms
prisma:getSchema Reading schema from single file C:\Users\cw\OneDrive\Documents\Desktop\Portfolio\HackByte\backend\prisma\schema.prisma +70ms
prisma:getSchema Reading schema from single file C:\Users\cw\OneDrive\Documents\Desktop\Portfolio\HackByte\backend\prisma\schema.prisma +0ms
prisma:getConfig Using getConfig Wasm +12ms
prisma:getConfig config data retrieved without errors in getConfig Wasm +15ms
prisma:cli:checkpoint runCheckpointClientCheck(): Execution time for getting info: 32.1635 ms +3ms
prisma:getSchema Reading schema from single file C:\Users\cw\OneDrive\Documents\Desktop\Portfolio\HackByte\backend\prisma\schema.prisma +25ms
Prisma schema loaded from prisma\schema.prisma.
prisma:getConfig Using getConfig Wasm +1ms
prisma:getConfig config data retrieved without errors in getConfig Wasm +1ms
Error: Error: The datasource.url property is required in your Prisma config file when using prisma migrate dev.
    at fi (C:\Users\cw\OneDrive\Documents\Desktop\Portfolio\HackByte\backend\node_modules\prisma\build\index.js:343:1339)
    at e.parse (C:\Users\cw\OneDrive\Documents\Desktop\Portfolio\HackByte\backend\node_modules\prisma\build\index.js:784:510)
    at async e.parse (C:\Users\cw\OneDrive\Documents\Desktop\Portfolio\HackByte\backend\node_modules\prisma\build\index.js:1070:2319)
    at async Znr (C:\Users\cw\OneDrive\Documents\Desktop\Portfolio\HackByte\backend\node_modules\prisma\build\index.js:4703:136)
